# nesokia-sound-analyze

## Wav structure

- Track 1: Merged lines, full song
- Track 2: Square 1
- Track 3: Square 2
- Track 4: Triangle
- Track 5: Noise
- Track 6: DPCM

## Analyze

### WAV to sheet music conversion

[ ] Square track
[ ] Triangle track
[ ] Noise track
[ ] DPCM track / separate declaration

### Lmms project to sheet music conversion

[ ]

### Famistudio project to sheet music conversion

[ ]

### FL Studio to sheet music conversion

[ ]

### MIDI to sheet music conversion

Note: no DPCM